{
  "$schema": "http://adaptivecards.io/schemas/adaptive-card.json",
  "version": "1.5",
  "type": "AdaptiveCard",
  "speak": "Your flight is confirmed for you and 3 other passengers from San Francisco to Amsterdam on Friday, October 10 8:30 AM",
  "body": [
    {
      "type": "TextBlock",
      "text": "Your Flight Itinerary",
      "wrap": true,
      "style": "heading"
    },
    {
      "type": "TextBlock",
      "text": "Passengers",
      "weight": "bolder",
      "wrap": true
    },
    {
      "type": "TextBlock",
      "text": "Sarah Hum",
      "separator": true,
      "wrap": true
    },
    {
      "type": "TextBlock",
      "text": "Jeremy Goldberg",
      "spacing": "none",
      "wrap": true
    },
    {
      "type": "TextBlock",
      "text": "Evan Litvak",
      "spacing": "none",
      "wrap": true
    },
    {
      "type": "TextBlock",
      "text": "2 Stops",
      "weight": "bolder",
      "spacing": "medium",
      "wrap": true
    },
    {
      "type": "TextBlock",
      "text": "{{DATE(2017-05-30T19:25:00Z, SHORT)}} {{TIME(2017-05-30T19:25:00Z)}}",
      "weight": "bolder",
      "spacing": "none",
      "wrap": true
    },
    {
      "type": "ColumnSet",
      "separator": true,
      "columns": [
        {
          "type": "Column",
          "width": 1,
          "items": [
            {
              "type": "TextBlock",
              "text": "Departs From",
              "wrap": true,
              "style": "default",
              "weight": "bolder",
              "color": "light"
            },
            {
              "type": "TextBlock",
              "text": "San Francisco",
              "isSubtle": true,
              "wrap": true,
              "spacing": "none"
            },
            {
              "type": "TextBlock",
              "size": "extraLarge",
              "color": "accent",
              "text": "SFO",
              "spacing": "none",
              "wrap": true
            }
          ]
        },
        {
          "type": "Column",
          "width": "auto",
          "verticalContentAlignment": "center",
          "items": [
            {
              "type": "Image",
              "url": "https://adaptivecards.io/content/airplane.png",
              "altText": "Flight to",
              "size": "small",
              "spacing": "none"
            }
          ]
        },
        {
          "type": "Column",
          "width": 1,
          "items": [
            {
              "type": "TextBlock",
              "text": "Arrives At",
              "wrap": true,
              "horizontalAlignment": "right",
              "style": "default",
              "weight": "bolder",
              "color": "light"
            },
            {
              "type": "TextBlock",
              "text": "Amsterdam",
              "horizontalAlignment": "right",
              "isSubtle": true,
              "wrap": true,
              "spacing": "none"
            },
            {
              "type": "TextBlock",
              "size": "extraLarge",
              "color": "accent",
              "text": "AMS",
              "horizontalAlignment": "right",
              "spacing": "none",
              "wrap": true
            }
          ]
        }
      ]
    },
    {
      "type": "TextBlock",
      "text": "Non-Stop",
      "weight": "bolder",
      "spacing": "medium",
      "wrap": true
    },
    {
      "type": "TextBlock",
      "text": "{{DATE(2017-06-02T20:55:00Z, SHORT)}} {{TIME(2017-06-02T20:55:00Z)}}",
      "weight": "bolder",
      "spacing": "none",
      "wrap": true
    },
    {
      "type": "ColumnSet",
      "separator": true,
      "columns": [
        {
          "type": "Column",
          "width": 1,
          "items": [
            {
              "type": "TextBlock",
              "text": "Departs From",
              "wrap": true,
              "style": "default",
              "weight": "bolder",
              "color": "light"
            },
            {
              "type": "TextBlock",
              "text": "Amsterdam",
              "isSubtle": true,
              "wrap": true,
              "spacing": "none"
            },
            {
              "type": "TextBlock",
              "size": "extraLarge",
              "color": "accent",
              "text": "AMS",
              "spacing": "none",
              "wrap": true
            }
          ]
        },
        {
          "type": "Column",
          "width": "auto",
          "verticalContentAlignment": "center",
          "items": [
            {
              "type": "Image",
              "url": "https://adaptivecards.io/content/airplane.png",
              "altText": "Flight to",
              "size": "small",
              "spacing": "none"
            }
          ]
        },
        {
          "type": "Column",
          "width": 1,
          "items": [
            {
              "type": "TextBlock",
              "text": "Arrives At",
              "wrap": true,
              "horizontalAlignment": "right",
              "style": "default",
              "weight": "bolder",
              "color": "light"
            },
            {
              "type": "TextBlock",
              "text": "San Francisco",
              "horizontalAlignment": "right",
              "isSubtle": true,
              "wrap": true,
              "spacing": "none"
            },
            {
              "type": "TextBlock",
              "size": "extraLarge",
              "color": "accent",
              "text": "SFO",
              "horizontalAlignment": "right",
              "spacing": "none",
              "wrap": true
            }
          ]
        }
      ]
    },
    {
      "type": "ColumnSet",
      "spacing": "medium",
      "columns": [
        {
          "type": "Column",
          "width": 1,
          "items": [
            {
              "type": "TextBlock",
              "text": "Total",
              "size": "medium",
              "isSubtle": true,
              "wrap": true
            }
          ]
        },
        {
          "type": "Column",
          "width": 1,
          "items": [
            {
              "type": "TextBlock",
              "horizontalAlignment": "right",
              "text": "$4,032.54",
              "size": "medium",
              "weight": "bolder",
              "wrap": true
            }
          ]
        }
      ]
    }
  ]
}