{
  "type": "AdaptiveCard",
  "body": [
    {
      "type": "TextBlock",
      "size": "large",
      "weight": "bolder",
      "text": "Names"
    },
    {
      "type": "Container",
      "items": [
        {
          "type": "TextBlock",
          "text": "Matt"
        },
        {
          "type": "TextBlock",
          "text": "David"
        },
        {
          "type": "TextBlock",
          "text": "Thomas"
        }
      ]
    }
  ],
  "$schema": "http://adaptivecards.io/schemas/adaptive-card.json",
  "version": "1.3"
}